c:/Users/pablo/Desktop/steamlike_backend/.venv/Scripts/python.exe : Creating 
test database for alias 'default'...
En línea: 1 Carácter: 1
+ c:/Users/pablo/Desktop/steamlike_backend/.venv/Scripts/python.exe man ...
+ ~~~~~~~~~~~~~~~~~~~~~~~~~~~~~~~~~~~~~~~~~~~~~~~~~~~~~~~~~~~~~~~~~~~~~
    + CategoryInfo          : NotSpecified: (Creating test d...as 'default'... 
   :String) [], RemoteException
    + FullyQualifiedErrorId : NativeCommandError
 

C:\Users\pablo\Desktop\steamlike_backend\.venv\Lib\site-packages\django\db\back
ends\postgresql\base.py:512: RuntimeWarning: Normally Django will use a 
connection to the 'postgres' database to avoid running initialization queries 
against the production database when it's not needed (for example, when 
running tests). Django was unable to create a connection to the 'postgres' 
database and will use the first PostgreSQL database instead.
  warnings.warn(
Found 3 test(s).
Traceback (most recent call last):
  File "C:\Users\pablo\Desktop\steamlike_backend\.venv\Lib\site-packages\django
\db\backends\base\base.py", line 279, in ensure_connection
    self.connect()
    ~~~~~~~~~~~~^^
  File "C:\Users\pablo\Desktop\steamlike_backend\.venv\Lib\site-packages\django
\utils\asyncio.py", line 26, in inner
    return func(*args, **kwargs)
  File "C:\Users\pablo\Desktop\steamlike_backend\.venv\Lib\site-packages\django
\db\backends\base\base.py", line 256, in connect
    self.connection = self.get_new_connection(conn_params)
                      ~~~~~~~~~~~~~~~~~~~~~~~^^^^^^^^^^^^^
  File "C:\Users\pablo\Desktop\steamlike_backend\.venv\Lib\site-packages\django
\utils\asyncio.py", line 26, in inner
    return func(*args, **kwargs)
  File "C:\Users\pablo\Desktop\steamlike_backend\.venv\Lib\site-packages\django
\db\backends\postgresql\base.py", line 332, in get_new_connection
    connection = self.Database.connect(**conn_params)
  File "C:\Users\pablo\Desktop\steamlike_backend\.venv\Lib\site-packages\psycop
g\connection.py", line 100, in connect
    attempts = conninfo_attempts(params)
  File "C:\Users\pablo\Desktop\steamlike_backend\.venv\Lib\site-packages\psycop
g\_conninfo_attempts.py", line 55, in conninfo_attempts
    raise last_exc
psycopg.OperationalError: failed to resolve host 'db': [Errno 11001] 
getaddrinfo failed

The above exception was the direct cause of the following exception:

Traceback (most recent call last):
  File "C:\Users\pablo\Desktop\steamlike_backend\.venv\Lib\site-packages\django
\db\backends\postgresql\base.py", line 507, in _nodb_cursor
    with super()._nodb_cursor() as cursor:
         ~~~~~~~~~~~~~~~~~~~~^^
  File 
"C:\Users\pablo\AppData\Local\Programs\Python\Python313\Lib\contextlib.py", 
line 141, in __enter__
    return next(self.gen)
  File "C:\Users\pablo\Desktop\steamlike_backend\.venv\Lib\site-packages\django
\db\backends\base\base.py", line 712, in _nodb_cursor
    with conn.cursor() as cursor:
         ~~~~~~~~~~~^^
  File "C:\Users\pablo\Desktop\steamlike_backend\.venv\Lib\site-packages\django
\utils\asyncio.py", line 26, in inner
    return func(*args, **kwargs)
  File "C:\Users\pablo\Desktop\steamlike_backend\.venv\Lib\site-packages\django
\db\backends\base\base.py", line 320, in cursor
    return self._cursor()
           ~~~~~~~~~~~~^^
  File "C:\Users\pablo\Desktop\steamlike_backend\.venv\Lib\site-packages\django
\db\backends\base\base.py", line 296, in _cursor
    self.ensure_connection()
    ~~~~~~~~~~~~~~~~~~~~~~^^
  File "C:\Users\pablo\Desktop\steamlike_backend\.venv\Lib\site-packages\django
\utils\asyncio.py", line 26, in inner
    return func(*args, **kwargs)
  File "C:\Users\pablo\Desktop\steamlike_backend\.venv\Lib\site-packages\django
\db\backends\base\base.py", line 278, in ensure_connection
    with self.wrap_database_errors:
         ^^^^^^^^^^^^^^^^^^^^^^^^^
  File "C:\Users\pablo\Desktop\steamlike_backend\.venv\Lib\site-packages\django
\db\utils.py", line 91, in __exit__
    raise dj_exc_value.with_traceback(traceback) from exc_value
  File "C:\Users\pablo\Desktop\steamlike_backend\.venv\Lib\site-packages\django
\db\backends\base\base.py", line 279, in ensure_connection
    self.connect()
    ~~~~~~~~~~~~^^
  File "C:\Users\pablo\Desktop\steamlike_backend\.venv\Lib\site-packages\django
\utils\asyncio.py", line 26, in inner
    return func(*args, **kwargs)
  File "C:\Users\pablo\Desktop\steamlike_backend\.venv\Lib\site-packages\django
\db\backends\base\base.py", line 256, in connect
    self.connection = self.get_new_connection(conn_params)
                      ~~~~~~~~~~~~~~~~~~~~~~~^^^^^^^^^^^^^
  File "C:\Users\pablo\Desktop\steamlike_backend\.venv\Lib\site-packages\django
\utils\asyncio.py", line 26, in inner
    return func(*args, **kwargs)
  File "C:\Users\pablo\Desktop\steamlike_backend\.venv\Lib\site-packages\django
\db\backends\postgresql\base.py", line 332, in get_new_connection
    connection = self.Database.connect(**conn_params)
  File "C:\Users\pablo\Desktop\steamlike_backend\.venv\Lib\site-packages\psycop
g\connection.py", line 100, in connect
    attempts = conninfo_attempts(params)
  File "C:\Users\pablo\Desktop\steamlike_backend\.venv\Lib\site-packages\psycop
g\_conninfo_attempts.py", line 55, in conninfo_attempts
    raise last_exc
django.db.utils.OperationalError: failed to resolve host 'db': [Errno 11001] 
getaddrinfo failed

During handling of the above exception, another exception occurred:

Traceback (most recent call last):
  File "C:\Users\pablo\Desktop\steamlike_backend\.venv\Lib\site-packages\django
\db\backends\base\base.py", line 279, in ensure_connection
    self.connect()
    ~~~~~~~~~~~~^^
  File "C:\Users\pablo\Desktop\steamlike_backend\.venv\Lib\site-packages\django
\utils\asyncio.py", line 26, in inner
    return func(*args, **kwargs)
  File "C:\Users\pablo\Desktop\steamlike_backend\.venv\Lib\site-packages\django
\db\backends\base\base.py", line 256, in connect
    self.connection = self.get_new_connection(conn_params)
                      ~~~~~~~~~~~~~~~~~~~~~~~^^^^^^^^^^^^^
  File "C:\Users\pablo\Desktop\steamlike_backend\.venv\Lib\site-packages\django
\utils\asyncio.py", line 26, in inner
    return func(*args, **kwargs)
  File "C:\Users\pablo\Desktop\steamlike_backend\.venv\Lib\site-packages\django
\db\backends\postgresql\base.py", line 332, in get_new_connection
    connection = self.Database.connect(**conn_params)
  File "C:\Users\pablo\Desktop\steamlike_backend\.venv\Lib\site-packages\psycop
g\connection.py", line 100, in connect
    attempts = conninfo_attempts(params)
  File "C:\Users\pablo\Desktop\steamlike_backend\.venv\Lib\site-packages\psycop
g\_conninfo_attempts.py", line 55, in conninfo_attempts
    raise last_exc
psycopg.OperationalError: failed to resolve host 'db': [Errno 11001] 
getaddrinfo failed

The above exception was the direct cause of the following exception:

Traceback (most recent call last):
  File "C:\Users\pablo\Desktop\steamlike_backend\manage.py", line 18, in 
<module>
    main()
    ~~~~^^
  File "C:\Users\pablo\Desktop\steamlike_backend\manage.py", line 15, in main
    execute_from_command_line(sys.argv)
    ~~~~~~~~~~~~~~~~~~~~~~~~~^^^^^^^^^^
  File "C:\Users\pablo\Desktop\steamlike_backend\.venv\Lib\site-packages\django
\core\management\__init__.py", line 442, in execute_from_command_line
    utility.execute()
    ~~~~~~~~~~~~~~~^^
  File "C:\Users\pablo\Desktop\steamlike_backend\.venv\Lib\site-packages\django
\core\management\__init__.py", line 436, in execute
    self.fetch_command(subcommand).run_from_argv(self.argv)
    ~~~~~~~~~~~~~~~~~~~~~~~~~~~~~~~~~~~~~~~~~~~~^^^^^^^^^^^
  File "C:\Users\pablo\Desktop\steamlike_backend\.venv\Lib\site-packages\django
\core\management\commands\test.py", line 24, in run_from_argv
    super().run_from_argv(argv)
    ~~~~~~~~~~~~~~~~~~~~~^^^^^^
  File "C:\Users\pablo\Desktop\steamlike_backend\.venv\Lib\site-packages\django
\core\management\base.py", line 420, in run_from_argv
    self.execute(*args, **cmd_options)
    ~~~~~~~~~~~~^^^^^^^^^^^^^^^^^^^^^^
  File "C:\Users\pablo\Desktop\steamlike_backend\.venv\Lib\site-packages\django
\core\management\base.py", line 464, in execute
    output = self.handle(*args, **options)
  File "C:\Users\pablo\Desktop\steamlike_backend\.venv\Lib\site-packages\django
\core\management\commands\test.py", line 63, in handle
    failures = test_runner.run_tests(test_labels)
  File "C:\Users\pablo\Desktop\steamlike_backend\.venv\Lib\site-packages\django
\test\runner.py", line 1080, in run_tests
    old_config = self.setup_databases(
        aliases=databases,
        serialized_aliases=suite.serialized_aliases,
    )
  File "C:\Users\pablo\Desktop\steamlike_backend\.venv\Lib\site-packages\django
\test\runner.py", line 978, in setup_databases
    return _setup_databases(
        self.verbosity,
    ...<5 lines>...
        **kwargs,
    )
  File "C:\Users\pablo\Desktop\steamlike_backend\.venv\Lib\site-packages\django
\test\utils.py", line 204, in setup_databases
    connection.creation.create_test_db(
    ~~~~~~~~~~~~~~~~~~~~~~~~~~~~~~~~~~^
        verbosity=verbosity,
        ^^^^^^^^^^^^^^^^^^^^
    ...<2 lines>...
        serialize=False,
        ^^^^^^^^^^^^^^^^
    )
    ^
  File "C:\Users\pablo\Desktop\steamlike_backend\.venv\Lib\site-packages\django
\db\backends\base\creation.py", line 62, in create_test_db
    self._create_test_db(verbosity, autoclobber, keepdb)
    ~~~~~~~~~~~~~~~~~~~~^^^^^^^^^^^^^^^^^^^^^^^^^^^^^^^^
  File "C:\Users\pablo\Desktop\steamlike_backend\.venv\Lib\site-packages\django
\db\backends\base\creation.py", line 202, in _create_test_db
    with self._nodb_cursor() as cursor:
         ~~~~~~~~~~~~~~~~~^^
  File 
"C:\Users\pablo\AppData\Local\Programs\Python\Python313\Lib\contextlib.py", 
line 141, in __enter__
    return next(self.gen)
  File "C:\Users\pablo\Desktop\steamlike_backend\.venv\Lib\site-packages\django
\db\backends\postgresql\base.py", line 533, in _nodb_cursor
    with conn.cursor() as cursor:
         ~~~~~~~~~~~^^
  File "C:\Users\pablo\Desktop\steamlike_backend\.venv\Lib\site-packages\django
\utils\asyncio.py", line 26, in inner
    return func(*args, **kwargs)
  File "C:\Users\pablo\Desktop\steamlike_backend\.venv\Lib\site-packages\django
\db\backends\base\base.py", line 320, in cursor
    return self._cursor()
           ~~~~~~~~~~~~^^
  File "C:\Users\pablo\Desktop\steamlike_backend\.venv\Lib\site-packages\django
\db\backends\base\base.py", line 296, in _cursor
    self.ensure_connection()
    ~~~~~~~~~~~~~~~~~~~~~~^^
  File "C:\Users\pablo\Desktop\steamlike_backend\.venv\Lib\site-packages\django
\utils\asyncio.py", line 26, in inner
    return func(*args, **kwargs)
  File "C:\Users\pablo\Desktop\steamlike_backend\.venv\Lib\site-packages\django
\db\backends\base\base.py", line 278, in ensure_connection
    with self.wrap_database_errors:
         ^^^^^^^^^^^^^^^^^^^^^^^^^
  File "C:\Users\pablo\Desktop\steamlike_backend\.venv\Lib\site-packages\django
\db\utils.py", line 91, in __exit__
    raise dj_exc_value.with_traceback(traceback) from exc_value
  File "C:\Users\pablo\Desktop\steamlike_backend\.venv\Lib\site-packages\django
\db\backends\base\base.py", line 279, in ensure_connection
    self.connect()
    ~~~~~~~~~~~~^^
  File "C:\Users\pablo\Desktop\steamlike_backend\.venv\Lib\site-packages\django
\utils\asyncio.py", line 26, in inner
    return func(*args, **kwargs)
  File "C:\Users\pablo\Desktop\steamlike_backend\.venv\Lib\site-packages\django
\db\backends\base\base.py", line 256, in connect
    self.connection = self.get_new_connection(conn_params)
                      ~~~~~~~~~~~~~~~~~~~~~~~^^^^^^^^^^^^^
  File "C:\Users\pablo\Desktop\steamlike_backend\.venv\Lib\site-packages\django
\utils\asyncio.py", line 26, in inner
    return func(*args, **kwargs)
  File "C:\Users\pablo\Desktop\steamlike_backend\.venv\Lib\site-packages\django
\db\backends\postgresql\base.py", line 332, in get_new_connection
    connection = self.Database.connect(**conn_params)
  File "C:\Users\pablo\Desktop\steamlike_backend\.venv\Lib\site-packages\psycop
g\connection.py", line 100, in connect
    attempts = conninfo_attempts(params)
  File "C:\Users\pablo\Desktop\steamlike_backend\.venv\Lib\site-packages\psycop
g\_conninfo_attempts.py", line 55, in conninfo_attempts
    raise last_exc
django.db.utils.OperationalError: failed to resolve host 'db': [Errno 11001] 
getaddrinfo failed
